// Jest Snapshot v1, https://goo.gl/fbAQLP

exports[`renders correctly 1`] = `
<div
  className="_1hyv3hh"
>
  <a
    aria-current="page"
    className="_d7s2kr"
    href="/"
    onClick={[Function]}
  >
    okmarvin
  </a>
  <div
    className="_1u3u2z"
  />
</div>
`;
